Archive member included to satisfy reference by file (symbol)

/usr/lib/gcc/arm-none-eabi/6.3.1/libgcc.a(_udivsi3.o)
                              bld/printf.o (__aeabi_uidiv)
/usr/lib/gcc/arm-none-eabi/6.3.1/libgcc.a(_divsi3.o)
                              bld/freertos_porting_layer.o (__aeabi_idiv)
/usr/lib/gcc/arm-none-eabi/6.3.1/libgcc.a(_dvmd_tls.o)
                              /usr/lib/gcc/arm-none-eabi/6.3.1/libgcc.a(_udivsi3.o) (__aeabi_idiv0)
/usr/lib/arm-none-eabi/lib/libc.a(lib_a-memcpy-stub.o)
                              bld/queue.o (memcpy)
/usr/lib/arm-none-eabi/lib/libc.a(lib_a-memset.o)
                              bld/freertos_porting_layer.o (memset)

Allocating common symbols
Common symbol       size              file

s_to_r_t1           0x4               bld/mutex.o
printfbuf           0x64              bld/freertos_porting_layer.o
r_to_s_t2           0x4               bld/mutex.o
tasks_handle        0x8               bld/mutex.o
mutex               0x4               bld/mutex.o
aux_sem             0x4               bld/mutex.o
portEOIStub         0x4               bld/portISR.o
s_to_r_t2           0x4               bld/mutex.o
r_to_s_t1           0x4               bld/mutex.o

Memory Configuration

Name             Origin             Length             Attributes
RESERVED         0x0000000000000000 0x0000000000008000 r
INIT_RAM         0x0000000000008000 0x0000000000008000 xrw
RAM              0x0000000000010000 0x0000000008000000 xrw
*default*        0x0000000000000000 0xffffffffffffffff

Linker script and memory map

LOAD bld/list.o
LOAD bld/queue.o
LOAD bld/tasks.o
LOAD bld/heap_4.o
LOAD bld/event_groups.o
LOAD bld/port.o
LOAD bld/portASM.o
LOAD bld/portISR.o
LOAD bld/startup.o
LOAD bld/freertos_porting_layer.o
LOAD bld/mmu.o
LOAD bld/mutex.o
LOAD bld/rpi_aux.o
LOAD bld/rpi_gpio.o
LOAD bld/rpi_i2c.o
LOAD bld/rpi_irq.o
LOAD bld/rpi_systimer.o
LOAD bld/printf.o
LOAD /usr/lib/gcc/arm-none-eabi/6.3.1/libgcc.a
LOAD /usr/lib/arm-none-eabi/lib/libc.a

.init           0x0000000000008000      0x148
 *(.init)
 .init          0x0000000000008000      0x148 bld/startup.o
                0x0000000000008000                _start

.module_entries
                0x0000000000008148        0x0
                0x0000000000008148                __module_entries_start = .
 *(.module_entries)
 *(.module_entries.*)
                0x0000000000008148                __module_entries_end = .
                0x0000000000000000                __module_entries_size = SIZEOF (.module_entries)

.text           0x0000000000010000     0x596c
 *(.text)
 .text          0x0000000000010000       0xfc bld/list.o
                0x0000000000010000                vListInitialise
                0x0000000000010024                vListInitialiseItem
                0x0000000000010030                vListInsertEnd
                0x0000000000010060                vListInsert
                0x00000000000100bc                uxListRemove
 .text          0x00000000000100fc      0xc70 bld/queue.o
                0x00000000000102f4                xQueueGenericReset
                0x0000000000010388                xQueueGenericCreate
                0x00000000000103d4                xQueueCreateCountingSemaphore
                0x00000000000103f4                xQueueGenericSend
                0x0000000000010570                xQueueCreateMutex
                0x00000000000105b0                xQueueGenericSendFromISR
                0x0000000000010680                xQueueGiveFromISR
                0x0000000000010738                xQueueReceive
                0x0000000000010898                xQueueSemaphoreTake
                0x0000000000010a74                xQueuePeek
                0x0000000000010bd4                xQueueReceiveFromISR
                0x0000000000010c90                xQueuePeekFromISR
                0x0000000000010cf8                uxQueueMessagesWaiting
                0x0000000000010d14                uxQueueSpacesAvailable
                0x0000000000010d38                uxQueueMessagesWaitingFromISR
                0x0000000000010d40                vQueueDelete
                0x0000000000010d44                xQueueIsQueueEmptyFromISR
                0x0000000000010d54                xQueueIsQueueFullFromISR
 .text          0x0000000000010d6c     0x13a8 bld/tasks.o
                0x0000000000010ea4                xTaskCreate
                0x00000000000110b8                vTaskSuspend
                0x00000000000111ac                vTaskResume
                0x0000000000011260                xTaskResumeFromISR
                0x0000000000011354                vTaskStartScheduler
                0x00000000000113c8                vTaskEndScheduler
                0x00000000000113e8                vTaskSuspendAll
                0x0000000000011400                xTaskGetTickCount
                0x0000000000011410                xTaskGetTickCountFromISR
                0x0000000000011420                uxTaskGetNumberOfTasks
                0x0000000000011430                pcTaskGetName
                0x0000000000011448                xTaskIncrementTick
                0x00000000000115a0                xTaskResumeAll
                0x00000000000116b8                vTaskDelayUntil
                0x000000000001174c                vTaskDelay
                0x000000000001179c                vTaskSwitchContext
                0x00000000000117c0                vTaskPlaceOnEventList
                0x00000000000117ec                vTaskPlaceOnUnorderedEventList
                0x0000000000011824                xTaskRemoveFromEventList
                0x00000000000118b4                vTaskRemoveFromUnorderedEventList
                0x0000000000011920                vTaskSetTimeOutState
                0x0000000000011948                vTaskInternalSetTimeOutState
                0x0000000000011960                xTaskCheckForTimeOut
                0x00000000000119e8                vTaskMissedYield
                0x00000000000119fc                xTaskGetCurrentTaskHandle
                0x0000000000011a0c                xTaskPriorityInherit
                0x0000000000011adc                xTaskPriorityDisinherit
                0x0000000000011b6c                vTaskPriorityDisinheritAfterTimeout
                0x0000000000011c04                uxTaskResetEventItemValue
                0x0000000000011c2c                pvTaskIncrementMutexHeldCount
                0x0000000000011c54                ulTaskNotifyTake
                0x0000000000011ce8                xTaskNotifyWait
                0x0000000000011da4                xTaskGenericNotify
                0x0000000000011ea0                xTaskGenericNotifyFromISR
                0x0000000000011fec                vTaskNotifyGiveFromISR
                0x00000000000120d8                xTaskNotifyStateClear
 .text          0x0000000000012114      0x294 bld/heap_4.o
                0x0000000000012194                pvPortMalloc
                0x000000000001231c                vPortFree
                0x0000000000012384                xPortGetFreeHeapSize
                0x0000000000012394                xPortGetMinimumEverFreeHeapSize
                0x00000000000123a4                vPortInitialiseBlocks
 .text          0x00000000000123a8      0x34c bld/event_groups.o
                0x00000000000123a8                xEventGroupCreate
                0x00000000000123d4                xEventGroupWaitBits
                0x00000000000124c8                xEventGroupClearBits
                0x00000000000124f0                xEventGroupGetBitsFromISR
                0x0000000000012530                xEventGroupSetBits
                0x00000000000125d0                xEventGroupSync
                0x000000000001268c                vEventGroupDelete
                0x00000000000126cc                vEventGroupSetBitsCallback
                0x00000000000126d0                vEventGroupClearBitsCallback
 .text          0x00000000000126f4      0x1f4 bld/port.o
                0x0000000000012704                pxPortInitialiseStack
                0x00000000000127e0                xPortStartScheduler
                0x0000000000012818                vPortEndScheduler
                0x000000000001281c                vPortEnterCritical
                0x0000000000012844                vPortExitCritical
                0x0000000000012878                FreeRTOS_Tick_Handler
                0x00000000000128d4                vPortTaskUsesFPU
 *fill*         0x00000000000128e8        0x8 
 .text          0x00000000000128f0      0x1ec bld/portASM.o
                0x00000000000128f0                FreeRTOS_SVC_Handler
                0x0000000000012960                vPortRestoreTaskContext
                0x00000000000129a0                FreeRTOS_IRQ_Handler
 .text          0x0000000000012adc       0x78 bld/portISR.o
                0x0000000000012adc                vSetupTimerInterrupt
                0x0000000000012b40                vClearTimerInterrupt
 .text          0x0000000000012b54       0x2c bld/startup.o
                0x0000000000012b6c                PUT32
                0x0000000000012b74                GET32
                0x0000000000012b7c                dummy
 .text          0x0000000000012b80      0x4a0 bld/freertos_porting_layer.o
                0x0000000000012b80                no_initialize_test
                0x0000000000012c44                no_create_task
                0x0000000000012c70                no_task_yield
                0x0000000000012c7c                no_task_suspend
                0x0000000000012c80                no_task_suspend_self
                0x0000000000012c88                no_task_resume
                0x0000000000012c8c                no_task_delay
                0x0000000000012c90                no_init_timer
                0x0000000000012cb4                no_disable_timer
                0x0000000000012cb8                no_reset_timer
                0x0000000000012cbc                no_add_times
                0x0000000000012cd0                no_time_get
                0x0000000000012cd8                no_time_diff
                0x0000000000012ce8                no_sem_create
                0x0000000000012d00                no_sem_wait
                0x0000000000012d28                no_sem_signal
                0x0000000000012d58                no_mutex_create
                0x0000000000012d70                no_mutex_acquire
                0x0000000000012d98                no_mutex_release
                0x0000000000012dc8                no_event_create
                0x0000000000012ddc                no_event_set
                0x0000000000012de8                no_event_reset
                0x0000000000012df4                no_event_wait
                0x0000000000012e20                no_mq_create
                0x0000000000012e44                no_mq_send
                0x0000000000012e70                no_mq_receive
                0x0000000000012e90                no_serial_write
                0x0000000000012e94                no_report_results
                0x0000000000012f08                no_reset_all_pmu_counter
                0x0000000000012f18                no_inst_get_count
                0x0000000000012f28                no_cycle_reset_counter
                0x0000000000012f38                no_cycle_get_count
                0x0000000000012f40                no_single_result_report
                0x0000000000012f88                no_result_report
                0x0000000000012fe0                no_interrupt_do_sgi
                0x0000000000012ff8                no_interrupt_enable_sgi
                0x0000000000013010                no_interrupt_register_sgi_handler
 .text          0x0000000000013020      0x3a4 bld/mmu.o
                0x0000000000013020                init_page_table
                0x00000000000132a8                mmu_init
                0x0000000000013314                virtualmap
 *fill*         0x00000000000133c4        0x4 
 .text          0x00000000000133c8      0x280 bld/mutex.o
                0x00000000000133c8                mutex_initialize_test
                0x000000000001342c                sender
                0x000000000001348c                receiver
 .text          0x0000000000013648      0x210 bld/rpi_aux.o
                0x0000000000013648                dummy_aux
                0x000000000001364c                rpi_aux_mu_init
                0x0000000000013720                rpi_aux_mu_raw_putc
                0x000000000001373c                rpi_aux_mu_putc
                0x0000000000013774                rpi_aux_mu_string
                0x00000000000137e8                rpi_aux_getc
                0x0000000000013808                __putc
 .text          0x0000000000013858      0x3c0 bld/rpi_gpio.o
                0x0000000000013858                rpi_gpio_sel_fun
                0x00000000000138a4                rpi_gpio_set_val
                0x00000000000138e0                rpi_gpio_get_val
                0x0000000000013910                rpi_gpio_toggle
                0x0000000000013950                rpi_gpio_ev_read_status
                0x0000000000013a08                rpi_gpio_ev_clear_status
                0x0000000000013a30                rpi_gpio_ev_detect_enable
                0x0000000000013b24                rpi_gpio_ev_detect_disable
 .text          0x0000000000013c18      0x310 bld/rpi_i2c.o
                0x0000000000013c18                rpi_i2c_init
                0x0000000000013c60                wait_i2c_done
                0x0000000000013c78                rpi_i2c_write
                0x0000000000013dc4                rpi_i2c_set_reg
                0x0000000000013de4                _read
                0x0000000000013eec                rpi_i2c_read
                0x0000000000013f1c                rpi_i2c_get_reg
 .text          0x0000000000013f28      0x1cc bld/rpi_irq.o
                0x0000000000013f2c                vApplicationIRQHandler
                0x0000000000013fb4                rpi_irq_init
                0x0000000000014000                rpi_irq_register_handler
                0x000000000001402c                rpi_irq_enable
                0x0000000000014080                rpi_irq_disable
                0x00000000000140d4                rpi_cpu_irq_enable
                0x00000000000140e4                rpi_cpu_irq_disable
 .text          0x00000000000140f4       0x50 bld/rpi_systimer.o
                0x00000000000140f4                rpi_sys_timer_get64
 .text          0x0000000000014144     0x13a0 bld/printf.o
                0x0000000000014144                kvprintf
                0x0000000000015468                printf
                0x00000000000154a8                sprintf
 .text          0x00000000000154e4      0x114 /usr/lib/gcc/arm-none-eabi/6.3.1/libgcc.a(_udivsi3.o)
                0x00000000000154e4                __udivsi3
                0x00000000000154e4                __aeabi_uidiv
                0x00000000000155d8                __aeabi_uidivmod
 .text          0x00000000000155f8      0x148 /usr/lib/gcc/arm-none-eabi/6.3.1/libgcc.a(_divsi3.o)
                0x00000000000155f8                __aeabi_idiv
                0x00000000000155f8                __divsi3
                0x0000000000015720                __aeabi_idivmod
 .text          0x0000000000015740        0x4 /usr/lib/gcc/arm-none-eabi/6.3.1/libgcc.a(_dvmd_tls.o)
                0x0000000000015740                __aeabi_ldiv0
                0x0000000000015740                __aeabi_idiv0
 .text          0x0000000000015744      0x114 /usr/lib/arm-none-eabi/lib/libc.a(lib_a-memcpy-stub.o)
                0x0000000000015744                memcpy
 .text          0x0000000000015858      0x114 /usr/lib/arm-none-eabi/lib/libc.a(lib_a-memset.o)
                0x0000000000015858                memset

.rodata.str1.4  0x000000000001596c      0x11c
 .rodata.str1.4
                0x000000000001596c        0x5 bld/tasks.o
 *fill*         0x0000000000015971        0x3 
 .rodata.str1.4
                0x0000000000015974       0xbd bld/freertos_porting_layer.o
 *fill*         0x0000000000015a31        0x3 
 .rodata.str1.4
                0x0000000000015a34       0x3e bld/mutex.o
 *fill*         0x0000000000015a72        0x2 
 .rodata.str1.4
                0x0000000000015a74       0x14 bld/printf.o
                                         0x13 (size before relaxing)

.rodata         0x0000000000015a88       0x29
 .rodata        0x0000000000015a88        0x4 bld/port.o
                0x0000000000015a88                ulICCEOIR
 .rodata        0x0000000000015a8c       0x25 bld/printf.o
                0x0000000000015a8c                hex2ascii_data

.glue_7         0x0000000000015ab4        0x0
 .glue_7        0x0000000000015ab4        0x0 linker stubs

.glue_7t        0x0000000000015ab4        0x0
 .glue_7t       0x0000000000015ab4        0x0 linker stubs

.vfp11_veneer   0x0000000000015ab4        0x0
 .vfp11_veneer  0x0000000000015ab4        0x0 linker stubs

.v4_bx          0x0000000000015ab4        0x0
 .v4_bx         0x0000000000015ab4        0x0 linker stubs

.iplt           0x0000000000015ab4        0x0
 .iplt          0x0000000000015ab4        0x0 bld/list.o

.text.startup   0x0000000000015ab4       0x18
 .text.startup  0x0000000000015ab4       0x18 bld/mutex.o
                0x0000000000015ab4                main

.rel.dyn        0x0000000000015acc        0x0
 .rel.iplt      0x0000000000015acc        0x0 bld/list.o

.data           0x0000000000015acc       0x24
 *(.data)
 .data          0x0000000000015acc        0x0 bld/list.o
 .data          0x0000000000015acc        0x0 bld/queue.o
 .data          0x0000000000015acc        0x0 bld/tasks.o
 .data          0x0000000000015acc        0x0 bld/heap_4.o
 .data          0x0000000000015acc        0x0 bld/event_groups.o
 .data          0x0000000000015acc        0x4 bld/port.o
                0x0000000000015acc                ulCriticalNesting
 .data          0x0000000000015ad0        0x0 bld/portASM.o
 .data          0x0000000000015ad0        0x0 bld/portISR.o
 .data          0x0000000000015ad0        0x0 bld/startup.o
 .data          0x0000000000015ad0       0x20 bld/freertos_porting_layer.o
                0x0000000000015ad0                coreTimer
                0x0000000000015ad4                coreTimerPrescaler
                0x0000000000015ad8                coreMailboxInterrupt
                0x0000000000015adc                coreMailboxInterruptCtrl
                0x0000000000015ae0                coreMailboxInterruptClr
                0x0000000000015ae4                systemTimer
                0x0000000000015ae8                coreTimerHigh
                0x0000000000015aec                coreTimerLow
 .data          0x0000000000015af0        0x0 bld/mmu.o
 .data          0x0000000000015af0        0x0 bld/mutex.o
 .data          0x0000000000015af0        0x0 bld/rpi_aux.o
 .data          0x0000000000015af0        0x0 bld/rpi_gpio.o
 .data          0x0000000000015af0        0x0 bld/rpi_i2c.o
 .data          0x0000000000015af0        0x0 bld/rpi_irq.o
 .data          0x0000000000015af0        0x0 bld/rpi_systimer.o
 .data          0x0000000000015af0        0x0 bld/printf.o
 .data          0x0000000000015af0        0x0 /usr/lib/gcc/arm-none-eabi/6.3.1/libgcc.a(_udivsi3.o)
 .data          0x0000000000015af0        0x0 /usr/lib/gcc/arm-none-eabi/6.3.1/libgcc.a(_divsi3.o)
 .data          0x0000000000015af0        0x0 /usr/lib/gcc/arm-none-eabi/6.3.1/libgcc.a(_dvmd_tls.o)
 .data          0x0000000000015af0        0x0 /usr/lib/arm-none-eabi/lib/libc.a(lib_a-memcpy-stub.o)
 .data          0x0000000000015af0        0x0 /usr/lib/arm-none-eabi/lib/libc.a(lib_a-memset.o)

.igot.plt       0x0000000000015af0        0x0
 .igot.plt      0x0000000000015af0        0x0 bld/list.o

.bss            0x0000000000016000    0x172c8
                0x0000000000016000                __bss_start = .
 *(.bss)
 .bss           0x0000000000016000        0x0 bld/list.o
 .bss           0x0000000000016000        0x0 bld/queue.o
 .bss           0x0000000000016000      0x308 bld/tasks.o
                0x000000000001600c                pxCurrentTCB
 .bss           0x0000000000016308    0x11188 bld/heap_4.o
 .bss           0x0000000000027490        0x0 bld/event_groups.o
 .bss           0x0000000000027490        0xc bld/port.o
                0x0000000000027490                ulPortYieldRequired
                0x0000000000027494                ulPortTaskHasFPUContext
                0x0000000000027498                ulPortInterruptNesting
 .bss           0x000000000002749c        0x0 bld/portASM.o
 .bss           0x000000000002749c        0x0 bld/portISR.o
 .bss           0x000000000002749c        0x0 bld/startup.o
 .bss           0x000000000002749c        0x0 bld/freertos_porting_layer.o
 *fill*         0x000000000002749c      0xb64 
 .bss           0x0000000000028000     0x5000 bld/mmu.o
 .bss           0x000000000002d000        0x0 bld/mutex.o
 .bss           0x000000000002d000        0x0 bld/rpi_aux.o
 .bss           0x000000000002d000        0x0 bld/rpi_gpio.o
 .bss           0x000000000002d000        0x0 bld/rpi_i2c.o
 .bss           0x000000000002d000      0x240 bld/rpi_irq.o
 .bss           0x000000000002d240        0x0 bld/rpi_systimer.o
 .bss           0x000000000002d240        0x0 bld/printf.o
 .bss           0x000000000002d240        0x0 /usr/lib/gcc/arm-none-eabi/6.3.1/libgcc.a(_udivsi3.o)
 .bss           0x000000000002d240        0x0 /usr/lib/gcc/arm-none-eabi/6.3.1/libgcc.a(_divsi3.o)
 .bss           0x000000000002d240        0x0 /usr/lib/gcc/arm-none-eabi/6.3.1/libgcc.a(_dvmd_tls.o)
 .bss           0x000000000002d240        0x0 /usr/lib/arm-none-eabi/lib/libc.a(lib_a-memcpy-stub.o)
 .bss           0x000000000002d240        0x0 /usr/lib/arm-none-eabi/lib/libc.a(lib_a-memset.o)
 *(.bss.*)
                0x000000000002d240                __bss_end = .
 COMMON         0x000000000002d240        0x4 bld/portISR.o
                0x000000000002d240                portEOIStub
 COMMON         0x000000000002d244       0x64 bld/freertos_porting_layer.o
                0x000000000002d244                printfbuf
 COMMON         0x000000000002d2a8       0x20 bld/mutex.o
                0x000000000002d2a8                s_to_r_t1
                0x000000000002d2ac                r_to_s_t2
                0x000000000002d2b0                tasks_handle
                0x000000000002d2b8                mutex
                0x000000000002d2bc                aux_sem
                0x000000000002d2c0                s_to_r_t2
                0x000000000002d2c4                r_to_s_t1
                [!provide]                        PROVIDE (__HEAP_START, __bss_end)
                0x0000000008010000                _estack = (ORIGIN (RAM) + LENGTH (RAM))
OUTPUT(kernel7.elf elf32-littlearm)

.debug_info     0x0000000000000000     0xcf4a
 .debug_info    0x0000000000000000      0xab7 bld/list.o
 .debug_info    0x0000000000000ab7     0x1f63 bld/queue.o
 .debug_info    0x0000000000002a1a     0x2329 bld/tasks.o
 .debug_info    0x0000000000004d43      0xbe7 bld/heap_4.o
 .debug_info    0x000000000000592a     0x114e bld/event_groups.o
 .debug_info    0x0000000000006a78      0xac8 bld/port.o
 .debug_info    0x0000000000007540      0xa0b bld/portISR.o
 .debug_info    0x0000000000007f4b     0x177c bld/freertos_porting_layer.o
 .debug_info    0x00000000000096c7      0x443 bld/mmu.o
 .debug_info    0x0000000000009b0a      0x592 bld/mutex.o
 .debug_info    0x000000000000a09c      0x37d bld/rpi_aux.o
 .debug_info    0x000000000000a419      0x58b bld/rpi_gpio.o
 .debug_info    0x000000000000a9a4      0x48f bld/rpi_i2c.o
 .debug_info    0x000000000000ae33      0x339 bld/rpi_irq.o
 .debug_info    0x000000000000b16c      0x13c bld/rpi_systimer.o
 .debug_info    0x000000000000b2a8      0x849 bld/printf.o
 .debug_info    0x000000000000baf1       0xae /usr/lib/gcc/arm-none-eabi/6.3.1/libgcc.a(_udivsi3.o)
 .debug_info    0x000000000000bb9f       0xae /usr/lib/gcc/arm-none-eabi/6.3.1/libgcc.a(_divsi3.o)
 .debug_info    0x000000000000bc4d       0xae /usr/lib/gcc/arm-none-eabi/6.3.1/libgcc.a(_dvmd_tls.o)
 .debug_info    0x000000000000bcfb      0x934 /usr/lib/arm-none-eabi/lib/libc.a(lib_a-memcpy-stub.o)
 .debug_info    0x000000000000c62f      0x91b /usr/lib/arm-none-eabi/lib/libc.a(lib_a-memset.o)

.debug_abbrev   0x0000000000000000     0x2aaf
 .debug_abbrev  0x0000000000000000      0x215 bld/list.o
 .debug_abbrev  0x0000000000000215      0x3b9 bld/queue.o
 .debug_abbrev  0x00000000000005ce      0x471 bld/tasks.o
 .debug_abbrev  0x0000000000000a3f      0x31b bld/heap_4.o
 .debug_abbrev  0x0000000000000d5a      0x373 bld/event_groups.o
 .debug_abbrev  0x00000000000010cd      0x2b7 bld/port.o
 .debug_abbrev  0x0000000000001384      0x231 bld/portISR.o
 .debug_abbrev  0x00000000000015b5      0x4b0 bld/freertos_porting_layer.o
 .debug_abbrev  0x0000000000001a65      0x1a6 bld/mmu.o
 .debug_abbrev  0x0000000000001c0b      0x15c bld/mutex.o
 .debug_abbrev  0x0000000000001d67      0x1b9 bld/rpi_aux.o
 .debug_abbrev  0x0000000000001f20      0x1eb bld/rpi_gpio.o
 .debug_abbrev  0x000000000000210b      0x15a bld/rpi_i2c.o
 .debug_abbrev  0x0000000000002265      0x16f bld/rpi_irq.o
 .debug_abbrev  0x00000000000023d4       0x98 bld/rpi_systimer.o
 .debug_abbrev  0x000000000000246c      0x261 bld/printf.o
 .debug_abbrev  0x00000000000026cd       0x14 /usr/lib/gcc/arm-none-eabi/6.3.1/libgcc.a(_udivsi3.o)
 .debug_abbrev  0x00000000000026e1       0x14 /usr/lib/gcc/arm-none-eabi/6.3.1/libgcc.a(_divsi3.o)
 .debug_abbrev  0x00000000000026f5       0x14 /usr/lib/gcc/arm-none-eabi/6.3.1/libgcc.a(_dvmd_tls.o)
 .debug_abbrev  0x0000000000002709      0x1d9 /usr/lib/arm-none-eabi/lib/libc.a(lib_a-memcpy-stub.o)
 .debug_abbrev  0x00000000000028e2      0x1cd /usr/lib/arm-none-eabi/lib/libc.a(lib_a-memset.o)

.debug_loc      0x0000000000000000     0x7638
 .debug_loc     0x0000000000000000       0x3f bld/list.o
 .debug_loc     0x000000000000003f      0xff2 bld/queue.o
 .debug_loc     0x0000000000001031     0x131f bld/tasks.o
 .debug_loc     0x0000000000002350      0x388 bld/heap_4.o
 .debug_loc     0x00000000000026d8      0x8b2 bld/event_groups.o
 .debug_loc     0x0000000000002f8a       0xcc bld/port.o
 .debug_loc     0x0000000000003056      0x671 bld/freertos_porting_layer.o
 .debug_loc     0x00000000000036c7      0x1a3 bld/mmu.o
 .debug_loc     0x000000000000386a      0x231 bld/mutex.o
 .debug_loc     0x0000000000003a9b      0x104 bld/rpi_aux.o
 .debug_loc     0x0000000000003b9f      0x394 bld/rpi_gpio.o
 .debug_loc     0x0000000000003f33      0x45a bld/rpi_i2c.o
 .debug_loc     0x000000000000438d      0x1cd bld/rpi_irq.o
 .debug_loc     0x000000000000455a       0xcf bld/rpi_systimer.o
 .debug_loc     0x0000000000004629     0x2b92 bld/printf.o
 .debug_loc     0x00000000000071bb      0x25a /usr/lib/arm-none-eabi/lib/libc.a(lib_a-memcpy-stub.o)
 .debug_loc     0x0000000000007415      0x223 /usr/lib/arm-none-eabi/lib/libc.a(lib_a-memset.o)

.debug_aranges  0x0000000000000000      0x2a8
 .debug_aranges
                0x0000000000000000       0x20 bld/list.o
 .debug_aranges
                0x0000000000000020       0x20 bld/queue.o
 .debug_aranges
                0x0000000000000040       0x20 bld/tasks.o
 .debug_aranges
                0x0000000000000060       0x20 bld/heap_4.o
 .debug_aranges
                0x0000000000000080       0x20 bld/event_groups.o
 .debug_aranges
                0x00000000000000a0       0x20 bld/port.o
 .debug_aranges
                0x00000000000000c0       0x20 bld/portISR.o
 .debug_aranges
                0x00000000000000e0       0x20 bld/freertos_porting_layer.o
 .debug_aranges
                0x0000000000000100       0x20 bld/mmu.o
 .debug_aranges
                0x0000000000000120       0x28 bld/mutex.o
 .debug_aranges
                0x0000000000000148       0x20 bld/rpi_aux.o
 .debug_aranges
                0x0000000000000168       0x20 bld/rpi_gpio.o
 .debug_aranges
                0x0000000000000188       0x20 bld/rpi_i2c.o
 .debug_aranges
                0x00000000000001a8       0x20 bld/rpi_irq.o
 .debug_aranges
                0x00000000000001c8       0x20 bld/rpi_systimer.o
 .debug_aranges
                0x00000000000001e8       0x20 bld/printf.o
 .debug_aranges
                0x0000000000000208       0x20 /usr/lib/gcc/arm-none-eabi/6.3.1/libgcc.a(_udivsi3.o)
 .debug_aranges
                0x0000000000000228       0x20 /usr/lib/gcc/arm-none-eabi/6.3.1/libgcc.a(_divsi3.o)
 .debug_aranges
                0x0000000000000248       0x20 /usr/lib/gcc/arm-none-eabi/6.3.1/libgcc.a(_dvmd_tls.o)
 .debug_aranges
                0x0000000000000268       0x20 /usr/lib/arm-none-eabi/lib/libc.a(lib_a-memcpy-stub.o)
 .debug_aranges
                0x0000000000000288       0x20 /usr/lib/arm-none-eabi/lib/libc.a(lib_a-memset.o)

.debug_line     0x0000000000000000     0x3151
 .debug_line    0x0000000000000000      0x231 bld/list.o
 .debug_line    0x0000000000000231      0x59e bld/queue.o
 .debug_line    0x00000000000007cf      0x6fc bld/tasks.o
 .debug_line    0x0000000000000ecb      0x2ab bld/heap_4.o
 .debug_line    0x0000000000001176      0x32b bld/event_groups.o
 .debug_line    0x00000000000014a1      0x282 bld/port.o
 .debug_line    0x0000000000001723      0x1d7 bld/portISR.o
 .debug_line    0x00000000000018fa      0x3d2 bld/freertos_porting_layer.o
 .debug_line    0x0000000000001ccc      0x1a3 bld/mmu.o
 .debug_line    0x0000000000001e6f      0x249 bld/mutex.o
 .debug_line    0x00000000000020b8      0x174 bld/rpi_aux.o
 .debug_line    0x000000000000222c      0x157 bld/rpi_gpio.o
 .debug_line    0x0000000000002383      0x189 bld/rpi_i2c.o
 .debug_line    0x000000000000250c      0x158 bld/rpi_irq.o
 .debug_line    0x0000000000002664      0x110 bld/rpi_systimer.o
 .debug_line    0x0000000000002774      0x57e bld/printf.o
 .debug_line    0x0000000000002cf2       0x78 /usr/lib/gcc/arm-none-eabi/6.3.1/libgcc.a(_udivsi3.o)
 .debug_line    0x0000000000002d6a       0x84 /usr/lib/gcc/arm-none-eabi/6.3.1/libgcc.a(_divsi3.o)
 .debug_line    0x0000000000002dee       0x5b /usr/lib/gcc/arm-none-eabi/6.3.1/libgcc.a(_dvmd_tls.o)
 .debug_line    0x0000000000002e49      0x196 /usr/lib/arm-none-eabi/lib/libc.a(lib_a-memcpy-stub.o)
 .debug_line    0x0000000000002fdf      0x172 /usr/lib/arm-none-eabi/lib/libc.a(lib_a-memset.o)

.debug_str      0x0000000000000000     0x2f1e
 .debug_str     0x0000000000000000      0x5f0 bld/list.o
                                        0x66f (size before relaxing)
 .debug_str     0x00000000000005f0      0x6cc bld/queue.o
                                        0xcba (size before relaxing)
 .debug_str     0x0000000000000cbc      0x892 bld/tasks.o
                                       0x10be (size before relaxing)
 .debug_str     0x000000000000154e      0x1fa bld/heap_4.o
                                        0x72f (size before relaxing)
 .debug_str     0x0000000000001748      0x296 bld/event_groups.o
                                        0x97e (size before relaxing)
 .debug_str     0x00000000000019de      0x156 bld/port.o
                                        0x71d (size before relaxing)
 .debug_str     0x0000000000001b34      0x11f bld/portISR.o
                                        0x659 (size before relaxing)
 .debug_str     0x0000000000001c53      0x55e bld/freertos_porting_layer.o
                                        0xc29 (size before relaxing)
 .debug_str     0x00000000000021b1      0x27a bld/mmu.o
                                        0x3ac (size before relaxing)
 .debug_str     0x000000000000242b       0xcb bld/mutex.o
                                        0x3ab (size before relaxing)
 .debug_str     0x00000000000024f6      0x13c bld/rpi_aux.o
                                        0x246 (size before relaxing)
 .debug_str     0x0000000000002632      0x28e bld/rpi_gpio.o
                                        0x39b (size before relaxing)
 .debug_str     0x00000000000028c0      0x16b bld/rpi_i2c.o
                                        0x2f8 (size before relaxing)
 .debug_str     0x0000000000002a2b      0x18e bld/rpi_irq.o
                                        0x2df (size before relaxing)
 .debug_str     0x0000000000002bb9       0x9e bld/rpi_systimer.o
                                        0x181 (size before relaxing)
 .debug_str     0x0000000000002c57      0x15c bld/printf.o
                                        0x29a (size before relaxing)
 .debug_str     0x0000000000002db3       0xe1 /usr/lib/arm-none-eabi/lib/libc.a(lib_a-memcpy-stub.o)
                                        0x562 (size before relaxing)
 .debug_str     0x0000000000002e94       0x8a /usr/lib/arm-none-eabi/lib/libc.a(lib_a-memset.o)
                                        0x53d (size before relaxing)

.comment        0x0000000000000000       0x31
 .comment       0x0000000000000000       0x31 bld/list.o
                                         0x32 (size before relaxing)
 .comment       0x0000000000000031       0x32 bld/queue.o
 .comment       0x0000000000000031       0x32 bld/tasks.o
 .comment       0x0000000000000031       0x32 bld/heap_4.o
 .comment       0x0000000000000031       0x32 bld/event_groups.o
 .comment       0x0000000000000031       0x32 bld/port.o
 .comment       0x0000000000000031       0x32 bld/portISR.o
 .comment       0x0000000000000031       0x32 bld/freertos_porting_layer.o
 .comment       0x0000000000000031       0x32 bld/mmu.o
 .comment       0x0000000000000031       0x32 bld/mutex.o
 .comment       0x0000000000000031       0x32 bld/rpi_aux.o
 .comment       0x0000000000000031       0x32 bld/rpi_gpio.o
 .comment       0x0000000000000031       0x32 bld/rpi_i2c.o
 .comment       0x0000000000000031       0x32 bld/rpi_irq.o
 .comment       0x0000000000000031       0x32 bld/rpi_systimer.o
 .comment       0x0000000000000031       0x32 bld/printf.o
 .comment       0x0000000000000031       0x32 /usr/lib/arm-none-eabi/lib/libc.a(lib_a-memcpy-stub.o)
 .comment       0x0000000000000031       0x32 /usr/lib/arm-none-eabi/lib/libc.a(lib_a-memset.o)

.ARM.attributes
                0x0000000000000000       0x33
 .ARM.attributes
                0x0000000000000000       0x2f bld/list.o
 .ARM.attributes
                0x000000000000002f       0x2f bld/queue.o
 .ARM.attributes
                0x000000000000005e       0x2f bld/tasks.o
 .ARM.attributes
                0x000000000000008d       0x2f bld/heap_4.o
 .ARM.attributes
                0x00000000000000bc       0x2f bld/event_groups.o
 .ARM.attributes
                0x00000000000000eb       0x2f bld/port.o
 .ARM.attributes
                0x000000000000011a       0x29 bld/portASM.o
 .ARM.attributes
                0x0000000000000143       0x2f bld/portISR.o
 .ARM.attributes
                0x0000000000000172       0x29 bld/startup.o
 .ARM.attributes
                0x000000000000019b       0x2f bld/freertos_porting_layer.o
 .ARM.attributes
                0x00000000000001ca       0x2f bld/mmu.o
 .ARM.attributes
                0x00000000000001f9       0x2f bld/mutex.o
 .ARM.attributes
                0x0000000000000228       0x2f bld/rpi_aux.o
 .ARM.attributes
                0x0000000000000257       0x2f bld/rpi_gpio.o
 .ARM.attributes
                0x0000000000000286       0x2f bld/rpi_i2c.o
 .ARM.attributes
                0x00000000000002b5       0x2f bld/rpi_irq.o
 .ARM.attributes
                0x00000000000002e4       0x2f bld/rpi_systimer.o
 .ARM.attributes
                0x0000000000000313       0x2f bld/printf.o
 .ARM.attributes
                0x0000000000000342       0x18 /usr/lib/gcc/arm-none-eabi/6.3.1/libgcc.a(_udivsi3.o)
 .ARM.attributes
                0x000000000000035a       0x18 /usr/lib/gcc/arm-none-eabi/6.3.1/libgcc.a(_divsi3.o)
 .ARM.attributes
                0x0000000000000372       0x18 /usr/lib/gcc/arm-none-eabi/6.3.1/libgcc.a(_dvmd_tls.o)
 .ARM.attributes
                0x000000000000038a       0x30 /usr/lib/arm-none-eabi/lib/libc.a(lib_a-memcpy-stub.o)
 .ARM.attributes
                0x00000000000003ba       0x30 /usr/lib/arm-none-eabi/lib/libc.a(lib_a-memset.o)

.debug_frame    0x0000000000000000     0x1260
 .debug_frame   0x0000000000000000       0x68 bld/list.o
 .debug_frame   0x0000000000000068      0x2a8 bld/queue.o
 .debug_frame   0x0000000000000310      0x450 bld/tasks.o
 .debug_frame   0x0000000000000760       0x94 bld/heap_4.o
 .debug_frame   0x00000000000007f4      0x10c bld/event_groups.o
 .debug_frame   0x0000000000000900       0xbc bld/port.o
 .debug_frame   0x00000000000009bc       0x3c bld/portISR.o
 .debug_frame   0x00000000000009f8      0x340 bld/freertos_porting_layer.o
 .debug_frame   0x0000000000000d38       0x60 bld/mmu.o
 .debug_frame   0x0000000000000d98       0xa0 bld/mutex.o
 .debug_frame   0x0000000000000e38       0xb4 bld/rpi_aux.o
 .debug_frame   0x0000000000000eec       0x9c bld/rpi_gpio.o
 .debug_frame   0x0000000000000f88       0xb8 bld/rpi_i2c.o
 .debug_frame   0x0000000000001040       0xa4 bld/rpi_irq.o
 .debug_frame   0x00000000000010e4       0x20 bld/rpi_systimer.o
 .debug_frame   0x0000000000001104       0xa8 bld/printf.o
 .debug_frame   0x00000000000011ac       0x20 /usr/lib/gcc/arm-none-eabi/6.3.1/libgcc.a(_udivsi3.o)
 .debug_frame   0x00000000000011cc       0x20 /usr/lib/gcc/arm-none-eabi/6.3.1/libgcc.a(_divsi3.o)
 .debug_frame   0x00000000000011ec       0x44 /usr/lib/arm-none-eabi/lib/libc.a(lib_a-memcpy-stub.o)
 .debug_frame   0x0000000000001230       0x30 /usr/lib/arm-none-eabi/lib/libc.a(lib_a-memset.o)

.debug_ranges   0x0000000000000000      0x820
 .debug_ranges  0x0000000000000000      0x198 bld/queue.o
 .debug_ranges  0x0000000000000198      0x220 bld/tasks.o
 .debug_ranges  0x00000000000003b8       0x60 bld/event_groups.o
 .debug_ranges  0x0000000000000418       0x60 bld/freertos_porting_layer.o
 .debug_ranges  0x0000000000000478       0x40 bld/mmu.o
 .debug_ranges  0x00000000000004b8       0x18 bld/mutex.o
 .debug_ranges  0x00000000000004d0       0x40 bld/rpi_aux.o
 .debug_ranges  0x0000000000000510       0x40 bld/rpi_gpio.o
 .debug_ranges  0x0000000000000550      0x2d0 bld/printf.o
